
> client@0.0.0 build
> vite build

[36mvite v8.0.3 [32mbuilding client environment for production...[36m[39m
[2K
transforming...Γ£ô 15 modules transformed.
node.exe : [31mΓ£ù[39m Build failed in 260ms
At line:1 char:1
+ & "C:\Program Files\nodejs/node.exe" "C:\Program Files\nodejs/node_mo ...
+ ~~~~~~~~~~~~~~~~~~~~~~~~~~~~~~~~~~~~~~~~~~~~~~~~~~~~~~~~~~~~~~~~~~~~~
    + CategoryInfo          : NotSpecified: ([31mΓ£ù[39m Build failed in 260ms:Str 
   ing) [], RemoteException
    + FullyQualifiedErrorId : NativeCommandError
 
[31merror during build:
[31mBuild failed with 1 error:

[31m[builtin:vite-transform] Error:[0m Encountered diff marker
    [38;5;246mΓò¡[0m[38;5;246mΓöÇ[0m[38;5;246m[[0m src/App.jsx:24:1 
[38;5;246m][0m
    [38;5;246mΓöé[0m
 [38;5;246m24 Γöé[0m <<<<<<<[38;5;249m 
[0m[38;5;249mH[0m[38;5;249mE[0m[38;5;249mA[0m[38;5;249mD[0m
 [38;5;240m   Γöé[0m ΓöÇΓöÇΓöÇΓö¼ΓöÇΓöÇΓöÇ  
 [38;5;240m   Γöé[0m    Γò░ΓöÇΓöÇΓöÇΓöÇΓöÇ between this marker and `=======` is 
the code that we're merging into
 [38;5;240m   Γöé[0m 
 [38;5;246m27 Γöé[0m =======
 [38;5;240m   Γöé[0m ΓöÇΓöÇΓöÇΓö¼ΓöÇΓöÇΓöÇ  
 [38;5;240m   Γöé[0m    Γò░ΓöÇΓöÇΓöÇΓöÇΓöÇ between this marker and `>>>>>>>` is 
the incoming code
 [38;5;240m   Γöé[0m 
 [38;5;246m31 Γöé[0m >>>>>>>[38;5;249m [0m[38;5;249m3[0m[38;5;249m2[0m[38;5;
249m5[0m[38;5;249m3[0m[38;5;249m3[0m[38;5;249mc[0m[38;5;249m2[0m[38;5;249m4
[0m[38;5;249m0[0m[38;5;249md[0m[38;5;249m0[0m[38;5;249mc[0m[38;5;249m7[0m
[38;5;249mf[0m[38;5;249m3[0m[38;5;249me[0m[38;5;249mc[0m[38;5;249mb[0m[38;5
;249md[0m[38;5;249m5[0m[38;5;249m2[0m[38;5;249m8[0m[38;5;249mb[0m[38;5;249m
c[0m[38;5;249md[0m[38;5;249mf[0m[38;5;249m1[0m[38;5;249m0[0m[38;5;249m9[0m
[38;5;249m2[0m[38;5;249mf[0m[38;5;249md[0m[38;5;249ma[0m[38;5;249m4[0m[38;
5;249m0[0m[38;5;249m6[0m[38;5;249m9[0m[38;5;249m7[0m[38;5;249m8[0m[38;5;249
m8[0m
 [38;5;240m   Γöé[0m ΓöÇΓöÇΓöÇΓö¼ΓöÇΓöÇΓöÇ  
 [38;5;240m   Γöé[0m    Γò░ΓöÇΓöÇΓöÇΓöÇΓöÇ this marker concludes the conflict 
region
 [38;5;240m   Γöé[0m 
 [38;5;240m   Γöé[0m [38;5;115mHelp[0m: Conflict markers indicate that a merge 
was started but could not be completed due to merge conflicts.
 [38;5;240m   Γöé[0m       To resolve a conflict, keep only the code you want and 
then delete the lines containing conflict markers.
 [38;5;240m   Γöé[0m       If you're having merge conflicts after pulling new 
code, the top section is the code you already had and the bottom section is the 
remote code.
 [38;5;240m   Γöé[0m       If you're in the middle of a rebase, the top section is 
the code being rebased onto and the bottom section is the code coming from the 
current commit being rebased.
 [38;5;240m   Γöé[0m       If you have nested conflicts, resolve the outermost 
conflict first.
[38;5;246mΓöÇΓöÇΓöÇΓöÇΓò»[0m
[31m
    at aggregateBindingErrorsIntoJsError (file:///D:/event_forge/event-forge-24-hour-
hackathon/client/node_modules/rolldown/dist/shared/error-BLhcSyeg.mjs:48:18)
    at unwrapBindingResult (file:///D:/event_forge/event-forge-24-hour-hackathon/clie
nt/node_modules/rolldown/dist/shared/error-BLhcSyeg.mjs:18:128)
    at #build (file:///D:/event_forge/event-forge-24-hour-hackathon/client/node_modul
es/rolldown/dist/shared/rolldown-build-CPrIX9V6.mjs:3313:34)
    at async buildEnvironment (file:///D:/event_forge/event-forge-24-hour-hackathon/c
lient/node_modules/vite/dist/node/chunks/node.js:32849:64)
    at async Object.build (file:///D:/event_forge/event-forge-24-hour-hackathon/clien
t/node_modules/vite/dist/node/chunks/node.js:33271:19)
    at async Object.buildApp (file:///D:/event_forge/event-forge-24-hour-hackathon/cl
ient/node_modules/vite/dist/node/chunks/node.js:33268:153)
    at async CAC.<anonymous> (file:///D:/event_forge/event-forge-24-hour-hackathon/cl
ient/node_modules/vite/dist/node/cli.js:778:3) {
  errors: [Getter/Setter]
}[39m
